@Author: John Isaacs <john>
@Date:   26-Oct-172017
@Filename: printer-output.txt
@Last modified by:   john
@Last modified time: 26-Oct-172017



parsing Program
parsing command
parsing single command
parsing expression
parsing secondary expression
parsing primary expression
parsing operator
parsing primary expression
parsing identifier
parsing actual parameter sequence
parsing single command
parsing command
parsing single command
parsing variable name
parsing identifier
parsing actual parameter sequence
parsing actual parameter
parsing variable name
parsing identifier
parsing single command
parsing variable name
parsing identifier
parsing actual parameter sequence
parsing actual parameter
parsing expression
parsing secondary expression
parsing primary expression
parsing identifier
parsing single command
parsing variable name
parsing identifier
parsing actual parameter sequence
parsing single command
parsing variable name
parsing identifier
parsing actual parameter sequence
